Loading project configuration... 
Success
[92mINFO [0m:      Starting Flower ServerApp, config: num_rounds=80, no round_timeout
[92mINFO [0m:      
[92mINFO [0m:      [INIT]
[92mINFO [0m:      Requesting initial parameters from one random client
/home/bax9142/federated-edge-learning/.venv/lib64/python3.13/site-packages/ray/_private/worker.py:2051: FutureWarning: Tip: In future versions of Ray, Ray will no longer override accelerator visible devices env var if num_gpus=0 or num_gpus=None (default). To enable this behavior and turn off this error message, set RAY_ACCEL_ENV_VAR_OVERRIDE_ON_ZERO=0
  warnings.warn(
[92mINFO [0m:      Received initial parameters from one random client
[92mINFO [0m:      Starting evaluation of initial global parameters
[92mINFO [0m:      Evaluation returned no results (`None`)
[92mINFO [0m:      
[92mINFO [0m:      [ROUND 1]
[92mINFO [0m:      configure_fit: strategy sampled 3276 clients (out of 4096)
[36m(pid=gcs_server)[0m [2026-07-14 10:23:21,670 E 283216 283216] (gcs_server) gcs_server.cc:302: Failed to establish connection to the event+metrics exporter agent. Events and metrics will not be exported. Exporter agent status: RpcError: Running out of retries to initialize the metrics agent. rpc_code: 14
[33m(raylet)[0m [2026-07-14 10:23:23,376 E 283470 283470] (raylet) main.cc:975: Failed to establish connection to the metrics exporter agent. Metrics will not be exported. Exporter agent status: RpcError: Running out of retries to initialize the metrics agent. rpc_code: 14
[2026-07-14 10:23:24,621 E 283121 283619] core_worker_process.cc:825: Failed to establish connection to the metrics exporter agent. Metrics will not be exported. Exporter agent status: RpcError: Running out of retries to initialize the metrics agent. rpc_code: 14
[36m(ClientAppActor pid=290228)[0m [2026-07-14 10:23:25,639 E 290228 293307] core_worker_process.cc:825: Failed to establish connection to the metrics exporter agent. Metrics will not be exported. Exporter agent status: RpcError: Running out of retries to initialize the metrics agent. rpc_code: 14
[92mINFO [0m:      aggregate_fit: received 3276 results and 0 failures
✅ Val-Client-Range geladen: 0-1207
[36m(ClientAppActor pid=294091)[0m [Client 1342] Data split:
[36m(ClientAppActor pid=294091)[0m    Train:      44 samples (client-local)
[36m(ClientAppActor pid=294091)[0m    Validation: 0 samples (client-local)
[36m(ClientAppActor pid=294091)[0m [Client 4] Data split:
[36m(ClientAppActor pid=294091)[0m    Train:      44 samples (client-local)
[36m(ClientAppActor pid=294091)[0m    Validation: 21 samples (client-local)
[36m(ClientAppActor pid=294091)[0m [Client 1627] Data split:
[36m(ClientAppActor pid=294091)[0m    Train:      43 samples (client-local)
[36m(ClientAppActor pid=294091)[0m    Validation: 0 samples (client-local)
[36m(ClientAppActor pid=293308)[0m [Client 3894] Data split:[32m [repeated 105x across cluster] (Ray deduplicates logs by default. Set RAY_DEDUP_LOGS=0 to disable log deduplication, or see https://docs.ray.io/en/master/ray-observability/user-guides/configure-logging.html#log-deduplication for more options.)[0m
[36m(ClientAppActor pid=293308)[0m    Train:      43 samples (client-local)[32m [repeated 105x across cluster][0m
[36m(ClientAppActor pid=293308)[0m    Validation: 0 samples (client-local)[32m [repeated 105x across cluster][0m
[36m(ClientAppActor pid=294830)[0m [Client 351] Data split:[32m [repeated 244x across cluster][0m
[36m(ClientAppActor pid=294830)[0m    Train:      44 samples (client-local)[32m [repeated 244x across cluster][0m
[36m(ClientAppActor pid=294830)[0m    Validation: 21 samples (client-local)[32m [repeated 244x across cluster][0m
[36m(ClientAppActor pid=294290)[0m [Client 3751] Data split:[32m [repeated 259x across cluster][0m
[36m(ClientAppActor pid=294290)[0m    Train:      43 samples (client-local)[32m [repeated 259x across cluster][0m
[36m(ClientAppActor pid=294290)[0m    Validation: 0 samples (client-local)[32m [repeated 259x across cluster][0m
[36m(ClientAppActor pid=294197)[0m [Client 1953] Data split:[32m [repeated 261x across cluster][0m
[36m(ClientAppActor pid=294197)[0m    Train:      43 samples (client-local)[32m [repeated 261x across cluster][0m
[36m(ClientAppActor pid=294197)[0m    Validation: 0 samples (client-local)[32m [repeated 261x across cluster][0m
[36m(ClientAppActor pid=294815)[0m [Client 264] Data split:[32m [repeated 265x across cluster][0m
[36m(ClientAppActor pid=294815)[0m    Train:      44 samples (client-local)[32m [repeated 265x across cluster][0m
[36m(ClientAppActor pid=294815)[0m    Validation: 21 samples (client-local)[32m [repeated 265x across cluster][0m
[36m(ClientAppActor pid=294013)[0m [Client 1537] Data split:[32m [repeated 249x across cluster][0m
[36m(ClientAppActor pid=294013)[0m    Train:      43 samples (client-local)[32m [repeated 249x across cluster][0m
[36m(ClientAppActor pid=294013)[0m    Validation: 0 samples (client-local)[32m [repeated 249x across cluster][0m
[36m(ClientAppActor pid=294290)[0m [Client 4047] Data split:[32m [repeated 248x across cluster][0m
[36m(ClientAppActor pid=294290)[0m    Train:      43 samples (client-local)[32m [repeated 248x across cluster][0m
[36m(ClientAppActor pid=294290)[0m    Validation: 0 samples (client-local)[32m [repeated 248x across cluster][0m
[36m(ClientAppActor pid=293518)[0m [Client 1875] Data split:[32m [repeated 254x across cluster][0m
[36m(ClientAppActor pid=293518)[0m    Train:      43 samples (client-local)[32m [repeated 254x across cluster][0m
[36m(ClientAppActor pid=293518)[0m    Validation: 0 samples (client-local)[32m [repeated 254x across cluster][0m
[36m(ClientAppActor pid=291851)[0m [Client 5] Data split:[32m [repeated 258x across cluster][0m
[36m(ClientAppActor pid=291851)[0m    Train:      44 samples (client-local)[32m [repeated 258x across cluster][0m
[36m(ClientAppActor pid=291851)[0m    Validation: 21 samples (client-local)[32m [repeated 258x across cluster][0m
[36m(ClientAppActor pid=293278)[0m [Client 2933] Data split:[32m [repeated 253x across cluster][0m
[36m(ClientAppActor pid=293278)[0m    Train:      43 samples (client-local)[32m [repeated 253x across cluster][0m
[36m(ClientAppActor pid=293278)[0m    Validation: 0 samples (client-local)[32m [repeated 253x across cluster][0m
[36m(ClientAppActor pid=294581)[0m [Client 298] Data split:[32m [repeated 248x across cluster][0m
[36m(ClientAppActor pid=294581)[0m    Train:      44 samples (client-local)[32m [repeated 248x across cluster][0m
[36m(ClientAppActor pid=294581)[0m    Validation: 21 samples (client-local)[32m [repeated 248x across cluster][0m
[36m(ClientAppActor pid=294290)[0m [Client 2794] Data split:[32m [repeated 265x across cluster][0m
[36m(ClientAppActor pid=294290)[0m    Train:      43 samples (client-local)[32m [repeated 265x across cluster][0m
[36m(ClientAppActor pid=294290)[0m    Validation: 0 samples (client-local)[32m [repeated 265x across cluster][0m
[36m(ClientAppActor pid=293518)[0m [Client 1278] Data split:[32m [repeated 255x across cluster][0m
[36m(ClientAppActor pid=293518)[0m    Train:      44 samples (client-local)[32m [repeated 255x across cluster][0m
[36m(ClientAppActor pid=293518)[0m    Validation: 0 samples (client-local)[32m [repeated 255x across cluster][0m
   💾 Checkpoint saved: result/splits_iid_scaling/splits_iid_4096_clients.json/all_rounds/model_round_1_run_1.pt
 Round 1: Saved model checkpoint after fit
[92mINFO [0m:      configure_evaluate: strategy sampled 4096 clients (out of 4096)
